Warning: You are sending unauthenticated requests to the HF Hub. Please set a HF_TOKEN to enable higher rate limits and faster downloads.
Loading weights:   0%|          | 0/310 [00:00<?, ?it/s]Loading weights:  10%|█         | 31/310 [00:00<00:00, 305.75it/s]Loading weights:  20%|██        | 62/310 [00:01<00:07, 32.19it/s] Loading weights:  25%|██▍       | 76/310 [00:01<00:06, 35.48it/s]Loading weights:  28%|██▊       | 86/310 [00:02<00:06, 34.86it/s]Loading weights:  30%|███       | 94/310 [00:03<00:09, 23.63it/s]Loading weights:  32%|███▏      | 99/310 [00:03<00:08, 24.12it/s]Loading weights:  34%|███▍      | 105/310 [00:03<00:07, 26.70it/s]Loading weights:  35%|███▌      | 110/310 [00:03<00:08, 24.33it/s]Loading weights:  38%|███▊      | 118/310 [00:03<00:07, 24.47it/s]Loading weights:  39%|███▉      | 122/310 [00:04<00:08, 22.11it/s]Loading weights:  43%|████▎     | 133/310 [00:04<00:06, 28.88it/s]Loading weights:  44%|████▍     | 137/310 [00:05<00:10, 16.77it/s]Loading weights:  48%|████▊     | 150/310 [00:05<00:05, 27.42it/s]Loading weights:  50%|█████     | 156/310 [00:05<00:05, 29.18it/s]Loading weights:  52%|█████▏    | 161/310 [00:05<00:05, 26.18it/s]Loading weights:  53%|█████▎    | 165/310 [00:05<00:06, 22.94it/s]Loading weights: 100%|██████████| 310/310 [00:05<00:00, 51.84it/s]
[dbg 07:44:05] reset: index='runebench_N100_recall' sweep_mode=True — cluster currently holds 6 index(es): ['runecontext', 'runebench_probe_N100', 'runebench_probe', 'runebench_probe_N20000', 'runebench_probe_N1000', 'runebench_probe_N10000']
[dbg 07:44:05] create_index: #1 START index='runebench_N100_recall' dim=1024 index_params={'index_type': 'IVF_VCT', 'nlist': 8192, 'default_nprobe': 6} sdk=1.4.3
[dbg 07:44:08] create_index: #1 OK after 2753ms index='runebench_N100_recall'
gRPC transport error
enVector operation failed (EnvectorTransportError: get index info (stream) failed: UNAVAILABLE | Action: Check server connectivity | Request ID: 36e964b711bac622de7d). Attempting reconnect...
enVector connection lost - reconnecting to runebench-0520-2-scfomauvy6cn.clusters.envector.ai ...
[dbg 07:45:17] drop_index: START index='runebench_N100_recall'
[dbg 07:45:17] drop_index: OK after 21ms index='runebench_N100_recall'
[dbg 07:45:17] reset: index='runebench_N1000_recall' sweep_mode=True — cluster currently holds 7 index(es): ['runecontext', 'runebench_N100_recall', 'runebench_probe_N100', 'runebench_probe', 'runebench_probe_N20000', 'runebench_probe_N1000', 'runebench_probe_N10000']
[dbg 07:45:17] create_index: #2 START index='runebench_N1000_recall' dim=1024 index_params={'index_type': 'IVF_VCT', 'nlist': 8192, 'default_nprobe': 6} sdk=1.4.3
[dbg 07:45:20] create_index: #2 OK after 2638ms index='runebench_N1000_recall'
[dbg 07:46:32] drop_index: START index='runebench_N1000_recall'
[dbg 07:46:32] drop_index: OK after 21ms index='runebench_N1000_recall'
[dbg 07:46:32] reset: index='runebench_N10000_recall' sweep_mode=True — cluster currently holds 7 index(es): ['runecontext', 'runebench_probe_N100', 'runebench_probe', 'runebench_probe_N20000', 'runebench_N1000_recall', 'runebench_probe_N1000', 'runebench_probe_N10000']
[dbg 07:46:32] create_index: #3 START index='runebench_N10000_recall' dim=1024 index_params={'index_type': 'IVF_VCT', 'nlist': 8192, 'default_nprobe': 6} sdk=1.4.3
[dbg 07:46:35] create_index: #3 OK after 2606ms index='runebench_N10000_recall'
gRPC transport error
enVector operation failed (EnvectorTransportError: get index info (stream) failed: UNAVAILABLE | Action: Check server connectivity | Request ID: 3cd0be9baf7f884db54d). Attempting reconnect...
enVector connection lost - reconnecting to runebench-0520-2-scfomauvy6cn.clusters.envector.ai ...
[dbg 08:09:14] drop_index: START index='runebench_N10000_recall'
[dbg 08:09:14] drop_index: OK after 29ms index='runebench_N10000_recall'
[dbg 08:09:14] reset: index='runebench_N20000_recall' sweep_mode=True — cluster currently holds 7 index(es): ['runecontext', 'runebench_probe_N100', 'runebench_probe', 'runebench_probe_N20000', 'runebench_probe_N1000', 'runebench_probe_N10000', 'runebench_N10000_recall']
[dbg 08:09:14] create_index: #4 START index='runebench_N20000_recall' dim=1024 index_params={'index_type': 'IVF_VCT', 'nlist': 8192, 'default_nprobe': 6} sdk=1.4.3
[dbg 08:09:17] create_index: #4 OK after 2561ms index='runebench_N20000_recall'
[dbg 08:20:36] drop_index: START index='runebench_N20000_recall'
[dbg 08:20:36] drop_index: OK after 58ms index='runebench_N20000_recall'
[dbg 08:20:36] reset: index='runebench_N25000_recall' sweep_mode=True — cluster currently holds 7 index(es): ['runecontext', 'runebench_probe_N100', 'runebench_probe', 'runebench_probe_N20000', 'runebench_N20000_recall', 'runebench_probe_N1000', 'runebench_probe_N10000']
[dbg 08:20:36] create_index: #5 START index='runebench_N25000_recall' dim=1024 index_params={'index_type': 'IVF_VCT', 'nlist': 8192, 'default_nprobe': 6} sdk=1.4.3
[dbg 08:20:39] create_index: #5 OK after 2956ms index='runebench_N25000_recall'
[dbg 08:36:51] drop_index: START index='runebench_N25000_recall'
[dbg 08:36:51] drop_index: OK after 34ms index='runebench_N25000_recall'
[dbg 08:36:51] reset: index='runebench_N32000_recall' sweep_mode=True — cluster currently holds 7 index(es): ['runecontext', 'runebench_probe_N100', 'runebench_N25000_recall', 'runebench_probe', 'runebench_probe_N20000', 'runebench_probe_N1000', 'runebench_probe_N10000']
[dbg 08:36:51] create_index: #6 START index='runebench_N32000_recall' dim=1024 index_params={'index_type': 'IVF_VCT', 'nlist': 8192, 'default_nprobe': 6} sdk=1.4.3
[dbg 08:36:54] create_index: #6 OK after 2668ms index='runebench_N32000_recall'
[dbg 08:57:25] drop_index: START index='runebench_N32000_recall'
[dbg 08:57:25] drop_index: OK after 68ms index='runebench_N32000_recall'
[dbg 08:57:26] reset: index='runebench_N50000_recall' sweep_mode=True — cluster currently holds 7 index(es): ['runecontext', 'runebench_N32000_recall', 'runebench_probe_N100', 'runebench_probe', 'runebench_probe_N20000', 'runebench_probe_N1000', 'runebench_probe_N10000']
[dbg 08:57:26] create_index: #7 START index='runebench_N50000_recall' dim=1024 index_params={'index_type': 'IVF_VCT', 'nlist': 8192, 'default_nprobe': 6} sdk=1.4.3
[dbg 08:57:28] create_index: #7 OK after 2829ms index='runebench_N50000_recall'
[dbg 09:33:28] drop_index: START index='runebench_N50000_recall'
[dbg 09:33:28] drop_index: OK after 51ms index='runebench_N50000_recall'
[dbg 09:33:28] reset: index='runebench_N100000_recall' sweep_mode=True — cluster currently holds 7 index(es): ['runecontext', 'runebench_probe_N100', 'runebench_probe', 'runebench_probe_N20000', 'runebench_probe_N1000', 'runebench_N50000_recall', 'runebench_probe_N10000']
[dbg 09:33:28] create_index: #8 START index='runebench_N100000_recall' dim=1024 index_params={'index_type': 'IVF_VCT', 'nlist': 8192, 'default_nprobe': 6} sdk=1.4.3
[dbg 09:33:30] create_index: #8 OK after 2693ms index='runebench_N100000_recall'
[dbg 10:20:56] drop_index: START index='runebench_N100000_recall'
[dbg 10:20:56] drop_index: OK after 89ms index='runebench_N100000_recall'
